// Jest Snapshot v1, https://goo.gl/fbAQLP

exports[`Board with props should render correctly 1`] = `"<div style=\\"width:100px;height:100px\\" class=\\"board\\"><button class=\\"odd\\" style=\\"width:12.5px;height:12.5px;position:relative\\"></button><button class=\\"even\\" style=\\"width:12.5px;height:12.5px;position:relative\\"></button><button class=\\"odd\\" style=\\"width:12.5px;height:12.5px;position:relative\\"></button><button class=\\"even\\" style=\\"width:12.5px;height:12.5px;position:relative\\"></button><button class=\\"odd\\" style=\\"width:12.5px;height:12.5px;position:relative\\"></button><button class=\\"even\\" style=\\"width:12.5px;height:12.5px;position:relative\\"></button><button class=\\"odd\\" style=\\"width:12.5px;height:12.5px;position:relative\\"></button><button class=\\"even\\" style=\\"width:12.5px;height:12.5px;position:relative\\"></button><button class=\\"even\\" style=\\"width:12.5px;height:12.5px;position:relative\\"></button><button class=\\"odd\\" style=\\"width:12.5px;height:12.5px;position:relative\\"></button><button class=\\"even\\" style=\\"width:12.5px;height:12.5px;position:relative\\"></button><button class=\\"odd\\" style=\\"width:12.5px;height:12.5px;position:relative\\"></button><button class=\\"even\\" style=\\"width:12.5px;height:12.5px;position:relative\\"></button><button class=\\"odd\\" style=\\"width:12.5px;height:12.5px;position:relative\\"></button><button class=\\"even\\" style=\\"width:12.5px;height:12.5px;position:relative\\"></button><button class=\\"odd\\" style=\\"width:12.5px;height:12.5px;position:relative\\"></button><button class=\\"odd\\" style=\\"width:12.5px;height:12.5px;position:relative\\"></button><button class=\\"even\\" style=\\"width:12.5px;height:12.5px;position:relative\\"></button><button class=\\"odd\\" style=\\"width:12.5px;height:12.5px;position:relative\\"></button><button class=\\"even\\" style=\\"width:12.5px;height:12.5px;position:relative\\"></button><button class=\\"odd\\" style=\\"width:12.5px;height:12.5px;position:relative\\"></button><button class=\\"even\\" style=\\"width:12.5px;height:12.5px;position:relative\\"></button><button class=\\"odd\\" style=\\"width:12.5px;height:12.5px;position:relative\\"></button><button class=\\"even\\" style=\\"width:12.5px;height:12.5px;position:relative\\"></button><button class=\\"even\\" style=\\"width:12.5px;height:12.5px;position:relative\\"></button><button class=\\"odd\\" style=\\"width:12.5px;height:12.5px;position:relative\\"></button><button class=\\"even\\" style=\\"width:12.5px;height:12.5px;position:relative\\"></button><button class=\\"odd\\" style=\\"width:12.5px;height:12.5px;position:relative\\"></button><button class=\\"even\\" style=\\"width:12.5px;height:12.5px;position:relative\\"></button><button class=\\"odd\\" style=\\"width:12.5px;height:12.5px;position:relative\\"></button><button class=\\"even\\" style=\\"width:12.5px;height:12.5px;position:relative\\"></button><button class=\\"odd\\" style=\\"width:12.5px;height:12.5px;position:relative\\"></button><button class=\\"odd\\" style=\\"width:12.5px;height:12.5px;position:relative\\"></button><button class=\\"even\\" style=\\"width:12.5px;height:12.5px;position:relative\\"></button><button class=\\"odd\\" style=\\"width:12.5px;height:12.5px;position:relative\\"></button><button class=\\"even\\" style=\\"width:12.5px;height:12.5px;position:relative\\"></button><button class=\\"odd\\" style=\\"width:12.5px;height:12.5px;position:relative\\"></button><button class=\\"even\\" style=\\"width:12.5px;height:12.5px;position:relative\\"></button><button class=\\"odd\\" style=\\"width:12.5px;height:12.5px;position:relative\\"></button><button class=\\"even\\" style=\\"width:12.5px;height:12.5px;position:relative\\"></button><button class=\\"even\\" style=\\"width:12.5px;height:12.5px;position:relative\\"></button><button class=\\"odd\\" style=\\"width:12.5px;height:12.5px;position:relative\\"></button><button class=\\"even\\" style=\\"width:12.5px;height:12.5px;position:relative\\"></button><button class=\\"odd\\" style=\\"width:12.5px;height:12.5px;position:relative\\"></button><button class=\\"even\\" style=\\"width:12.5px;height:12.5px;position:relative\\"></button><button class=\\"odd\\" style=\\"width:12.5px;height:12.5px;position:relative\\"></button><button class=\\"even\\" style=\\"width:12.5px;height:12.5px;position:relative\\"></button><button class=\\"odd\\" style=\\"width:12.5px;height:12.5px;position:relative\\"></button><button class=\\"odd\\" style=\\"width:12.5px;height:12.5px;position:relative\\"></button><button class=\\"even\\" style=\\"width:12.5px;height:12.5px;position:relative\\"></button><button class=\\"odd\\" style=\\"width:12.5px;height:12.5px;position:relative\\"></button><button class=\\"even\\" style=\\"width:12.5px;height:12.5px;position:relative\\"></button><button class=\\"odd\\" style=\\"width:12.5px;height:12.5px;position:relative\\"></button><button class=\\"even\\" style=\\"width:12.5px;height:12.5px;position:relative\\"></button><button class=\\"odd\\" style=\\"width:12.5px;height:12.5px;position:relative\\"></button><button class=\\"even\\" style=\\"width:12.5px;height:12.5px;position:relative\\"></button><button class=\\"even\\" style=\\"width:12.5px;height:12.5px;position:relative\\"></button><button class=\\"odd\\" style=\\"width:12.5px;height:12.5px;position:relative\\"></button><button class=\\"even\\" style=\\"width:12.5px;height:12.5px;position:relative\\"></button><button class=\\"odd\\" style=\\"width:12.5px;height:12.5px;position:relative\\"></button><button class=\\"even\\" style=\\"width:12.5px;height:12.5px;position:relative\\"></button><button class=\\"odd\\" style=\\"width:12.5px;height:12.5px;position:relative\\"></button><button class=\\"even\\" style=\\"width:12.5px;height:12.5px;position:relative\\"></button><button class=\\"odd\\" style=\\"width:12.5px;height:12.5px;position:relative\\"></button></div>"`;

exports[`BoardWrapper with props should render correctly 1`] = `"<div style=\\"width:100px;height:100px\\" class=\\"boardWrapper\\"></div>"`;

exports[`Chessboard with props should render correctly 1`] = `"<div class=\\"wrapper\\"></div>"`;

exports[`Circle with props should render correctly 1`] = `"<img src=\\"https://freepngimg.com/thumb/shape/30052-8-circle-transparent-background.png\\" alt=\\"circle\\" class=\\"circle\\" style=\\"width:100px;height:auto\\"/>"`;

exports[`Files with props should render correctly 1`] = `"<div style=\\"width:100px;bottom:0;top:;position:absolute;display:flex;flex-direction:row;justify-content:space-around\\"><p>a</p><p>b</p><p>c</p><p>d</p><p>e</p><p>f</p><p>g</p><p>h</p></div>"`;

exports[`LegalMove with props should render correctly 1`] = `"<div style=\\"position:relative;left:calc(50% - 50%);height:100px;width:100px;background-color:#bbb;border-radius:50%\\"></div>"`;

exports[`Piece with props should render correctly 1`] = `"<img alt=\\"piece\\" src=\\"src\\" class=\\"piece\\" style=\\"width:100px;height:auto\\"/>"`;

exports[`Square with props should render correctly 1`] = `"<button class=\\"even\\" style=\\"width:100px;height:100px;position:relative\\"></button>"`;
